lib/formatters/inbox-formatters.ts(4,9): error TS2740: Type '{ idea_captured: string; idea_deferred: string; drill_completed: string; project_promoted: string; task_created: string; pr_opened: string; preview_ready: string; build_failed: string; merge_completed: string; project_shipped: string; project_killed: string; changes_requested: string; }' is missing the following properties from type 'Record<InboxEventType, string>': github_issue_created, github_workflow_dispatched, github_workflow_failed, github_workflow_succeeded, and 7 more.
lib/services/github-sync-service.ts(147,6): error TS2352: Conversion of type 'StudioStore' to type 'Record<string, unknown>' may be a mistake because neither type sufficiently overlaps with the other. If this was intentional, convert the expression to 'unknown' first.
  Index signature for type 'string' is missing in type 'StudioStore'.
lib/services/github-sync-service.ts(162,7): error TS2352: Conversion of type 'StudioStore' to type 'Record<string, unknown>' may be a mistake because neither type sufficiently overlaps with the other. If this was intentional, convert the expression to 'unknown' first.
  Index signature for type 'string' is missing in type 'StudioStore'.
lib/services/github-sync-service.ts(182,5): error TS2352: Conversion of type 'StudioStore' to type 'Record<string, unknown>' may be a mistake because neither type sufficiently overlaps with the other. If this was intentional, convert the expression to 'unknown' first.
  Index signature for type 'string' is missing in type 'StudioStore'.
lib/services/github-sync-service.ts(260,25): error TS2339: Property 'mergeable' does not exist on type '{ url: string; id: number; node_id: string; html_url: string; diff_url: string; patch_url: string; issue_url: string; commits_url: string; review_comments_url: string; review_comment_url: string; ... 25 more ...; draft?: boolean | undefined; }'.
lib/services/github-sync-service.ts(273,25): error TS2339: Property 'mergeable' does not exist on type '{ url: string; id: number; node_id: string; html_url: string; diff_url: string; patch_url: string; issue_url: string; commits_url: string; review_comments_url: string; review_comment_url: string; ... 25 more ...; draft?: boolean | undefined; }'.
